kotlin version: 2.4.0
build id: 6989757f-0f2a-4f33-bcd0-122f386133c4
error message: Error while creating finish file: nulljava.base/java.nio.channels.spi.AbstractInterruptibleChannel.end(Unknown Source)
java.base/sun.nio.ch.FileChannelImpl.endBlocking(Unknown Source)
java.base/sun.nio.ch.FileChannelImpl.implRead(Unknown Source)
java.base/sun.nio.ch.FileChannelImpl.read(Unknown Source)
java.base/sun.nio.ch.ChannelInputStream.read(Unknown Source)
java.base/sun.nio.ch.ChannelInputStream.read(Unknown Source)
java.base/sun.nio.cs.StreamDecoder.readBytes(Unknown Source)
java.base/sun.nio.cs.StreamDecoder.implRead(Unknown Source)
java.base/sun.nio.cs.StreamDecoder.read(Unknown Source)
java.base/java.io.InputStreamReader.read(Unknown Source)
java.base/java.io.BufferedReader.fill(Unknown Source)
java.base/java.io.BufferedReader.readLine(Unknown Source)
java.base/java.io.BufferedReader.readLine(Unknown Source)
kotlin.io.LinesSequence$iterator$1.hasNext(ReadWrite.kt:85)
kotlin.io.TextStreamsKt.forEachLine(ReadWrite.kt:160)
org.jetbrains.kotlin.statistics.fileloggers.MetricsContainer$Companion.readFromFile(MetricsContainer.kt:58)
org.jetbrains.kotlin.gradle.plugin.statistics.BuildFinishBuildService$Companion.collectAllFusReportsIntoOne$kotlin_gradle_plugin_common(BuildFinishBuildService.kt:96)
org.jetbrains.kotlin.gradle.plugin.statistics.BuildFinishBuildService.collectAllFusReportsIntoOne$kotlin_gradle_plugin_common(BuildFinishBuildService.kt:136)
org.jetbrains.kotlin.gradle.plugin.statistics.BuildFinishBuildService.close(BuildFinishBuildService.kt:129)
org.gradle.api.services.internal.RegisteredBuildServiceProvider.lambda$maybeStop$1(RegisteredBuildServiceProvider.java:201)
org.gradle.internal.Try$Success.ifSuccessful(Try.java:185)
org.gradle.api.services.internal.RegisteredBuildServiceProvider.maybeStop(RegisteredBuildServiceProvider.java:198)
org.gradle.api.services.internal.DefaultBuildServicesRegistry.lambda$discardAll$8(DefaultBuildServicesRegistry.java:295)
org.gradle.internal.build.ExecutionResult.forEach(ExecutionResult.java:128)
org.gradle.api.services.internal.DefaultBuildServicesRegistry.lambda$discardAll$9(DefaultBuildServicesRegistry.java:291)
org.gradle.api.services.internal.DefaultBuildServicesRegistry.withRegistrations(DefaultBuildServicesRegistry.java:103)
org.gradle.api.services.internal.DefaultBuildServicesRegistry.discardAll(DefaultBuildServicesRegistry.java:288)
org.gradle.api.services.internal.DefaultBuildServicesRegistry.access$100(DefaultBuildServicesRegistry.java:61)
org.gradle.api.services.internal.DefaultBuildServicesRegistry$ServiceCleanupListener.buildFinished(DefaultBuildServicesRegistry.java:390)
java.base/jdk.internal.reflect.DirectMethodHandleAccessor.invoke(Unknown Source)
java.base/java.lang.reflect.Method.invoke(Unknown Source)
org.gradle.internal.dispatch.MethodInvocation.invokeOn(MethodInvocation.java:77)
org.gradle.internal.dispatch.ReflectionDispatch.dispatch(ReflectionDispatch.java:28)
org.gradle.internal.dispatch.ReflectionDispatch.dispatch(ReflectionDispatch.java:19)
org.gradle.internal.event.DefaultListenerManager$ListenerDetails.dispatch(DefaultListenerManager.java:581)
org.gradle.internal.event.DefaultListenerManager$ListenerDetails.dispatch(DefaultListenerManager.java:551)
org.gradle.internal.event.AbstractBroadcastDispatch.dispatch(AbstractBroadcastDispatch.java:84)
org.gradle.internal.event.AbstractBroadcastDispatch.dispatch(AbstractBroadcastDispatch.java:70)
org.gradle.internal.event.DefaultListenerManager$EventBroadcast$ListenerDispatch.dispatch(DefaultListenerManager.java:408)
org.gradle.internal.event.DefaultListenerManager$EventBroadcast$ListenerDispatch.dispatch(DefaultListenerManager.java:393)
org.gradle.internal.event.AbstractBroadcastDispatch.dispatch(AbstractBroadcastDispatch.java:44)
org.gradle.internal.event.BroadcastDispatch$SingletonDispatch.dispatch(BroadcastDispatch.java:270)
org.gradle.internal.event.BroadcastDispatch$SingletonDispatch.dispatch(BroadcastDispatch.java:172)
org.gradle.internal.event.AbstractBroadcastDispatch.dispatch(AbstractBroadcastDispatch.java:84)
org.gradle.internal.event.AbstractBroadcastDispatch.dispatch(AbstractBroadcastDispatch.java:70)
org.gradle.internal.event.BroadcastDispatch$CompositeDispatch.dispatch(BroadcastDispatch.java:382)
org.gradle.internal.event.BroadcastDispatch$CompositeDispatch.dispatch(BroadcastDispatch.java:274)
org.gradle.internal.event.ListenerBroadcast.dispatch(ListenerBroadcast.java:160)
org.gradle.internal.event.ListenerBroadcast.dispatch(ListenerBroadcast.java:37)
org.gradle.internal.dispatch.ProxyDispatchAdapter$DispatchingInvocationHandler.invoke(ProxyDispatchAdapter.java:88)
jdk.proxy1/jdk.proxy1.$Proxy39.buildFinished(Unknown Source)
org.gradle.internal.build.DefaultBuildLifecycleController.lambda$finishBuild$11(DefaultBuildLifecycleController.java:346)
org.gradle.internal.build.ExecutionResult.maybeFailing(ExecutionResult.java:94)
org.gradle.internal.build.DefaultBuildLifecycleController.lambda$finishBuild$12(DefaultBuildLifecycleController.java:346)
org.gradle.internal.model.StateTransitionController.doTransitionWithFailures(StateTransitionController.java:251)
org.gradle.internal.model.StateTransitionController.lambda$transition$13(StateTransitionController.java:242)
org.gradle.internal.work.DefaultSynchronizer.withLock(DefaultSynchronizer.java:45)
org.gradle.internal.model.StateTransitionController.transition(StateTransitionController.java:239)
org.gradle.internal.build.DefaultBuildLifecycleController.finishBuild(DefaultBuildLifecycleController.java:336)
org.gradle.internal.buildtree.DefaultBuildTreeFinishExecutor.finishBuildTree(DefaultBuildTreeFinishExecutor.java:57)
org.gradle.composite.internal.OperationFiringBuildTreeFinishExecutor$1.call(OperationFiringBuildTreeFinishExecutor.java:46)
org.gradle.composite.internal.OperationFiringBuildTreeFinishExecutor$1.call(OperationFiringBuildTreeFinishExecutor.java:42)
org.gradle.internal.operations.DefaultBuildOperationRunner$CallableBuildOperationWorker.execute(DefaultBuildOperationRunner.java:209)
org.gradle.internal.operations.DefaultBuildOperationRunner$CallableBuildOperationWorker.execute(DefaultBuildOperationRunner.java:204)
org.gradle.internal.operations.DefaultBuildOperationRunner$2.execute(DefaultBuildOperationRunner.java:66)
org.gradle.internal.operations.DefaultBuildOperationRunner$2.execute(DefaultBuildOperationRunner.java:59)
org.gradle.internal.operations.DefaultBuildOperationRunner.execute(DefaultBuildOperationRunner.java:166)
org.gradle.internal.operations.DefaultBuildOperationRunner.execute(DefaultBuildOperationRunner.java:59)
org.gradle.internal.operations.DefaultBuildOperationRunner.call(DefaultBuildOperationRunner.java:53)
org.gradle.composite.internal.OperationFiringBuildTreeFinishExecutor.finishBuildTree(OperationFiringBuildTreeFinishExecutor.java:42)
org.gradle.internal.buildtree.DefaultBuildTreeLifecycleController.lambda$runBuild$4(DefaultBuildTreeLifecycleController.java:125)
org.gradle.internal.model.StateTransitionController.lambda$transition$6(StateTransitionController.java:179)
org.gradle.internal.model.StateTransitionController.doTransition(StateTransitionController.java:276)
org.gradle.internal.model.StateTransitionController.lambda$transition$7(StateTransitionController.java:179)
org.gradle.internal.work.DefaultSynchronizer.withLock(DefaultSynchronizer.java:45)
org.gradle.internal.model.StateTransitionController.transition(StateTransitionController.java:179)
org.gradle.internal.buildtree.DefaultBuildTreeLifecycleController.runBuild(DefaultBuildTreeLifecycleController.java:117)
org.gradle.internal.buildtree.DefaultBuildTreeLifecycleController.scheduleAndRunTasks(DefaultBuildTreeLifecycleController.java:77)
org.gradle.internal.buildtree.DefaultBuildTreeLifecycleController.scheduleAndRunTasks(DefaultBuildTreeLifecycleController.java:72)
org.gradle.tooling.internal.provider.ExecuteBuildActionRunner.run(ExecuteBuildActionRunner.java:31)
org.gradle.launcher.exec.ChainingBuildActionRunner.run(ChainingBuildActionRunner.java:35)
org.gradle.internal.buildtree.ProblemReportingBuildActionRunner.run(ProblemReportingBuildActionRunner.java:54)
org.gradle.launcher.exec.BuildOutcomeReportingBuildActionRunner.run(BuildOutcomeReportingBuildActionRunner.java:83)
org.gradle.tooling.internal.provider.FileSystemWatchingBuildActionRunner.run(FileSystemWatchingBuildActionRunner.java:135)
org.gradle.launcher.exec.BuildCompletionNotifyingBuildActionRunner.run(BuildCompletionNotifyingBuildActionRunner.java:54)
org.gradle.launcher.exec.RootBuildLifecycleBuildActionExecutor.lambda$execute$0(RootBuildLifecycleBuildActionExecutor.java:101)
org.gradle.composite.internal.DefaultRootBuildState.run(DefaultRootBuildState.java:126)
org.gradle.launcher.exec.RootBuildLifecycleBuildActionExecutor.execute(RootBuildLifecycleBuildActionExecutor.java:101)
org.gradle.launcher.exec.BuildTreeLifecycleBuildActionExecutor.runRootBuildAction(BuildTreeLifecycleBuildActionExecutor.java:98)
org.gradle.launcher.exec.BuildTreeLifecycleBuildActionExecutor.execute(BuildTreeLifecycleBuildActionExecutor.java:69)
org.gradle.launcher.exec.RunAsBuildOperationBuildActionExecutor$2.call(RunAsBuildOperationBuildActionExecutor.java:65)
org.gradle.launcher.exec.RunAsBuildOperationBuildActionExecutor$2.call(RunAsBuildOperationBuildActionExecutor.java:61)
org.gradle.internal.operations.DefaultBuildOperationRunner$CallableBuildOperationWorker.execute(DefaultBuildOperationRunner.java:209)
org.gradle.internal.operations.DefaultBuildOperationRunner$CallableBuildOperationWorker.execute(DefaultBuildOperationRunner.java:204)
org.gradle.internal.operations.DefaultBuildOperationRunner$2.execute(DefaultBuildOperationRunner.java:66)
org.gradle.internal.operations.DefaultBuildOperationRunner$2.execute(DefaultBuildOperationRunner.java:59)
org.gradle.internal.operations.DefaultBuildOperationRunner.execute(DefaultBuildOperationRunner.java:166)
org.gradle.internal.operations.DefaultBuildOperationRunner.execute(DefaultBuildOperationRunner.java:59)
org.gradle.internal.operations.DefaultBuildOperationRunner.call(DefaultBuildOperationRunner.java:53)
org.gradle.launcher.exec.RunAsBuildOperationBuildActionExecutor.execute(RunAsBuildOperationBuildActionExecutor.java:61)
org.gradle.launcher.exec.RunAsWorkerThreadBuildActionExecutor.lambda$execute$0(RunAsWorkerThreadBuildActionExecutor.java:36)
org.gradle.internal.work.DefaultWorkerLeaseService.lambda$withLocksAcquired$0(DefaultWorkerLeaseService.java:269)
org.gradle.internal.work.ResourceLockStatistics$1.measure(ResourceLockStatistics.java:42)
org.gradle.internal.work.DefaultWorkerLeaseService.withLocksAcquired(DefaultWorkerLeaseService.java:267)
org.gradle.internal.work.DefaultWorkerLeaseService.withLocks(DefaultWorkerLeaseService.java:259)
org.gradle.internal.work.DefaultWorkerLeaseService.runAsWorkerThread(DefaultWorkerLeaseService.java:127)
org.gradle.launcher.exec.RunAsWorkerThreadBuildActionExecutor.execute(RunAsWorkerThreadBuildActionExecutor.java:36)
org.gradle.tooling.internal.provider.continuous.ContinuousBuildActionExecutor.execute(ContinuousBuildActionExecutor.java:110)
org.gradle.tooling.internal.provider.SubscribableBuildActionExecutor.execute(SubscribableBuildActionExecutor.java:64)
org.gradle.internal.session.DefaultBuildSessionContext.execute(DefaultBuildSessionContext.java:46)
org.gradle.internal.buildprocess.execution.BuildSessionLifecycleBuildActionExecutor$ActionImpl.apply(BuildSessionLifecycleBuildActionExecutor.java:106)
org.gradle.internal.buildprocess.execution.BuildSessionLifecycleBuildActionExecutor$ActionImpl.apply(BuildSessionLifecycleBuildActionExecutor.java:94)
org.gradle.internal.session.BuildSessionState.run(BuildSessionState.java:73)
org.gradle.internal.buildprocess.execution.BuildSessionLifecycleBuildActionExecutor.execute(BuildSessionLifecycleBuildActionExecutor.java:67)
org.gradle.internal.buildprocess.execution.BuildSessionLifecycleBuildActionExecutor.execute(BuildSessionLifecycleBuildActionExecutor.java:45)
org.gradle.internal.buildprocess.execution.StartParamsValidatingActionExecutor.execute(StartParamsValidatingActionExecutor.java:57)
org.gradle.internal.buildprocess.execution.StartParamsValidatingActionExecutor.execute(StartParamsValidatingActionExecutor.java:32)
org.gradle.internal.buildprocess.execution.SessionFailureReportingActionExecutor.execute(SessionFailureReportingActionExecutor.java:51)
org.gradle.internal.buildprocess.execution.SessionFailureReportingActionExecutor.execute(SessionFailureReportingActionExecutor.java:39)
org.gradle.internal.buildprocess.execution.SetupLoggingActionExecutor.execute(SetupLoggingActionExecutor.java:47)
org.gradle.internal.buildprocess.execution.SetupLoggingActionExecutor.execute(SetupLoggingActionExecutor.java:31)
org.gradle.launcher.daemon.server.exec.ExecuteBuild.doBuild(ExecuteBuild.java:70)
org.gradle.launcher.daemon.server.exec.BuildCommandOnly.execute(BuildCommandOnly.java:37)
org.gradle.launcher.daemon.server.api.DaemonCommandExecution.proceed(DaemonCommandExecution.java:104)
org.gradle.launcher.daemon.server.exec.WatchForDisconnection.execute(WatchForDisconnection.java:39)
org.gradle.launcher.daemon.server.api.DaemonCommandExecution.proceed(DaemonCommandExecution.java:104)
org.gradle.launcher.daemon.server.exec.ResetDeprecationLogger.execute(ResetDeprecationLogger.java:29)
org.gradle.launcher.daemon.server.api.DaemonCommandExecution.proceed(DaemonCommandExecution.java:104)
org.gradle.launcher.daemon.server.exec.RequestStopIfSingleUsedDaemon.execute(RequestStopIfSingleUsedDaemon.java:35)
org.gradle.launcher.daemon.server.api.DaemonCommandExecution.proceed(DaemonCommandExecution.java:104)
org.gradle.launcher.daemon.server.exec.ForwardClientInput.lambda$execute$0(ForwardClientInput.java:40)
org.gradle.internal.daemon.clientinput.ClientInputForwarder.forwardInput(ClientInputForwarder.java:80)
org.gradle.launcher.daemon.server.exec.ForwardClientInput.execute(ForwardClientInput.java:37)
org.gradle.launcher.daemon.server.api.DaemonCommandExecution.proceed(DaemonCommandExecution.java:104)
org.gradle.launcher.daemon.server.exec.LogAndCheckHealth.execute(LogAndCheckHealth.java:64)
org.gradle.launcher.daemon.server.api.DaemonCommandExecution.proceed(DaemonCommandExecution.java:104)
org.gradle.launcher.daemon.server.exec.LogToClient.doBuild(LogToClient.java:63)
org.gradle.launcher.daemon.server.exec.BuildCommandOnly.execute(BuildCommandOnly.java:37)
org.gradle.launcher.daemon.server.api.DaemonCommandExecution.proceed(DaemonCommandExecution.java:104)
org.gradle.launcher.daemon.server.exec.EstablishBuildEnvironment.doBuild(EstablishBuildEnvironment.java:84)
org.gradle.launcher.daemon.server.exec.BuildCommandOnly.execute(BuildCommandOnly.java:37)
org.gradle.launcher.daemon.server.api.DaemonCommandExecution.proceed(DaemonCommandExecution.java:104)
org.gradle.launcher.daemon.server.exec.StartBuildOrRespondWithBusy$1.run(StartBuildOrRespondWithBusy.java:52)
org.gradle.launcher.daemon.server.DaemonStateCoordinator.lambda$runCommand$0(DaemonStateCoordinator.java:321)
org.gradle.internal.concurrent.ExecutorPolicy$CatchAndRecordFailures.onExecute(ExecutorPolicy.java:64)
org.gradle.internal.concurrent.AbstractManagedExecutor$1.run(AbstractManagedExecutor.java:47)
java.base/java.util.concurrent.ThreadPoolExecutor.runWorker(Unknown Source)
java.base/java.util.concurrent.ThreadPoolExecutor$Worker.run(Unknown Source)
java.base/java.lang.Thread.run(Unknown Source)

